{
  "version": "1.5.0",
  "plugins_used": [
    {
      "name": "ArtifactoryDetector"
    },
    {
      "name": "AWSKeyDetector"
    },
    {
      "name": "AzureStorageKeyDetector"
    },
    {
      "name": "Base64HighEntropyString",
      "limit": 4.5
    },
    {
      "name": "BasicAuthDetector"
    },
    {
      "name": "CloudantDetector"
    },
    {
      "name": "DiscordBotTokenDetector"
    },
    {
      "name": "GitHubTokenDetector"
    },
    {
      "name": "GitLabTokenDetector"
    },
    {
      "name": "HexHighEntropyString",
      "limit": 3.0
    },
    {
      "name": "IbmCloudIamDetector"
    },
    {
      "name": "IbmCosHmacDetector"
    },
    {
      "name": "IPPublicDetector"
    },
    {
      "name": "JwtTokenDetector"
    },
    {
      "name": "KeywordDetector",
      "keyword_exclude": ""
    },
    {
      "name": "MailchimpDetector"
    },
    {
      "name": "NpmDetector"
    },
    {
      "name": "OpenAIDetector"
    },
    {
      "name": "PrivateKeyDetector"
    },
    {
      "name": "PypiTokenDetector"
    },
    {
      "name": "SendGridDetector"
    },
    {
      "name": "SlackDetector"
    },
    {
      "name": "SoftlayerDetector"
    },
    {
      "name": "SquareOAuthDetector"
    },
    {
      "name": "StripeDetector"
    },
    {
      "name": "TelegramBotTokenDetector"
    },
    {
      "name": "TwilioKeyDetector"
    }
  ],
  "filters_used": [
    {
      "path": "detect_secrets.filters.allowlist.is_line_allowlisted"
    },
    {
      "path": "detect_secrets.filters.common.is_baseline_file",
      "filename": ".secrets.baseline"
    },
    {
      "path": "detect_secrets.filters.common.is_ignored_due_to_verification_policies",
      "min_level": 2
    },
    {
      "path": "detect_secrets.filters.heuristic.is_indirect_reference"
    },
    {
      "path": "detect_secrets.filters.heuristic.is_likely_id_string"
    },
    {
      "path": "detect_secrets.filters.heuristic.is_lock_file"
    },
    {
      "path": "detect_secrets.filters.heuristic.is_not_alphanumeric_string"
    },
    {
      "path": "detect_secrets.filters.heuristic.is_potential_uuid"
    },
    {
      "path": "detect_secrets.filters.heuristic.is_prefixed_with_dollar_sign"
    },
    {
      "path": "detect_secrets.filters.heuristic.is_sequential_string"
    },
    {
      "path": "detect_secrets.filters.heuristic.is_swagger_file"
    },
    {
      "path": "detect_secrets.filters.heuristic.is_templated_secret"
    }
  ],
  "results": {
    "docs/gateway-setup.md": [
      {
        "type": "Secret Keyword",
        "filename": "docs/gateway-setup.md",
        "hashed_secret": "f4de0b81c991e5d0894a7730b06f3c651243e2a2",
        "is_verified": false,
        "line_number": 13
      }
    ],
    "docs/google-workspace-integration.md": [
      {
        "type": "Secret Keyword",
        "filename": "docs/google-workspace-integration.md",
        "hashed_secret": "230bbd17332dc7fb30744f7f2f433276fa26bc89",
        "is_verified": false,
        "line_number": 70
      }
    ],
    "tests/marketplace/test_claude_plugins_official.py": [
      {
        "type": "Hex High Entropy String",
        "filename": "tests/marketplace/test_claude_plugins_official.py",
        "hashed_secret": "1b8b3f5b4160f745d661f8e410466f5e01f1d345",
        "is_verified": false,
        "line_number": 95
      },
      {
        "type": "Hex High Entropy String",
        "filename": "tests/marketplace/test_claude_plugins_official.py",
        "hashed_secret": "b4c9248600a42f8c38c01b632f392dbcb4c7b19a",
        "is_verified": false,
        "line_number": 310
      }
    ],
    "tests/marketplace/test_installer_plugin_bundle.py": [
      {
        "type": "Hex High Entropy String",
        "filename": "tests/marketplace/test_installer_plugin_bundle.py",
        "hashed_secret": "1b8b3f5b4160f745d661f8e410466f5e01f1d345",
        "is_verified": false,
        "line_number": 35
      }
    ],
    "tests/marketplace/test_installer_plugin_mcp.py": [
      {
        "type": "Hex High Entropy String",
        "filename": "tests/marketplace/test_installer_plugin_mcp.py",
        "hashed_secret": "1b8b3f5b4160f745d661f8e410466f5e01f1d345",
        "is_verified": false,
        "line_number": 58
      }
    ],
    "tests/marketplace/test_routes.py": [
      {
        "type": "Hex High Entropy String",
        "filename": "tests/marketplace/test_routes.py",
        "hashed_secret": "1b8b3f5b4160f745d661f8e410466f5e01f1d345",
        "is_verified": false,
        "line_number": 109
      }
    ],
    "tests/mcp/test_mcp_routes.py": [
      {
        "type": "Secret Keyword",
        "filename": "tests/mcp/test_mcp_routes.py",
        "hashed_secret": "f4de0b81c991e5d0894a7730b06f3c651243e2a2",
        "is_verified": false,
        "line_number": 171
      }
    ],
    "tests/onedrive_pin_id_extract.test.js": [
      {
        "type": "Base64 High Entropy String",
        "filename": "tests/onedrive_pin_id_extract.test.js",
        "hashed_secret": "8086b19cde3e7e67625210c321bc9d66fde6fe4b",
        "is_verified": false,
        "line_number": 82
      }
    ],
    "tests/test_config_migration.py": [
      {
        "type": "Secret Keyword",
        "filename": "tests/test_config_migration.py",
        "hashed_secret": "f4de0b81c991e5d0894a7730b06f3c651243e2a2",
        "is_verified": false,
        "line_number": 12
      }
    ],
    "tests/test_gator_migration.py": [
      {
        "type": "Secret Keyword",
        "filename": "tests/test_gator_migration.py",
        "hashed_secret": "f4de0b81c991e5d0894a7730b06f3c651243e2a2",
        "is_verified": false,
        "line_number": 12
      }
    ],
    "tests/test_github_config.py": [
      {
        "type": "Basic Auth Credentials",
        "filename": "tests/test_github_config.py",
        "hashed_secret": "f4de0b81c991e5d0894a7730b06f3c651243e2a2",
        "is_verified": false,
        "line_number": 20
      }
    ],
    "tests/test_google_preset.py": [
      {
        "type": "Secret Keyword",
        "filename": "tests/test_google_preset.py",
        "hashed_secret": "117712f4b89614c35d1d13b313b182e1b2d68919",
        "is_verified": false,
        "line_number": 60
      }
    ],
    "tests/test_mcp_connection_status_tool.py": [
      {
        "type": "Basic Auth Credentials",
        "filename": "tests/test_mcp_connection_status_tool.py",
        "hashed_secret": "f4de0b81c991e5d0894a7730b06f3c651243e2a2",
        "is_verified": false,
        "line_number": 312
      }
    ],
    "tests/test_openai_provider.py": [
      {
        "type": "Secret Keyword",
        "filename": "tests/test_openai_provider.py",
        "hashed_secret": "f4de0b81c991e5d0894a7730b06f3c651243e2a2",
        "is_verified": false,
        "line_number": 11
      },
      {
        "type": "Secret Keyword",
        "filename": "tests/test_openai_provider.py",
        "hashed_secret": "1cac0b180e6e6530fdb7969cc941b5f68055decc",
        "is_verified": false,
        "line_number": 12
      }
    ],
    "tests/test_registry_profiles.py": [
      {
        "type": "Secret Keyword",
        "filename": "tests/test_registry_profiles.py",
        "hashed_secret": "f4de0b81c991e5d0894a7730b06f3c651243e2a2",
        "is_verified": false,
        "line_number": 8
      },
      {
        "type": "Secret Keyword",
        "filename": "tests/test_registry_profiles.py",
        "hashed_secret": "b894b81be94cf8fa8d7536475aaec876addf05c8",
        "is_verified": false,
        "line_number": 9
      },
      {
        "type": "Secret Keyword",
        "filename": "tests/test_registry_profiles.py",
        "hashed_secret": "1cac0b180e6e6530fdb7969cc941b5f68055decc",
        "is_verified": false,
        "line_number": 21
      }
    ],
    "tools/sync-to-public.bat": [
      {
        "type": "Secret Keyword",
        "filename": "tools/sync-to-public.bat",
        "hashed_secret": "c2def216dc0777176e6df672b66202fb0b77a421",
        "is_verified": false,
        "line_number": 87
      }
    ],
    "web/browser_agent.py": [
      {
        "type": "Basic Auth Credentials",
        "filename": "web/browser_agent.py",
        "hashed_secret": "f4de0b81c991e5d0894a7730b06f3c651243e2a2",
        "is_verified": false,
        "line_number": 1002
      }
    ],
    "web/config.py": [
      {
        "type": "Secret Keyword",
        "filename": "web/config.py",
        "hashed_secret": "1cac0b180e6e6530fdb7969cc941b5f68055decc",
        "is_verified": false,
        "line_number": 278
      }
    ],
    "web/llm/anthropic_provider.py": [
      {
        "type": "Secret Keyword",
        "filename": "web/llm/anthropic_provider.py",
        "hashed_secret": "f4de0b81c991e5d0894a7730b06f3c651243e2a2",
        "is_verified": false,
        "line_number": 120
      }
    ],
    "web/routes/mcp_routes.py": [
      {
        "type": "Secret Keyword",
        "filename": "web/routes/mcp_routes.py",
        "hashed_secret": "117712f4b89614c35d1d13b313b182e1b2d68919",
        "is_verified": false,
        "line_number": 321
      }
    ],
    "web/tests/test_llm_profile_url_guard.py": [
      {
        "type": "Secret Keyword",
        "filename": "web/tests/test_llm_profile_url_guard.py",
        "hashed_secret": "e9a5f12a8ecbb3eb46eca5096b5c52aa5e7c9fdd",
        "is_verified": false,
        "line_number": 33
      }
    ],
    "web/tests/test_onedrive_pin_resolve.py": [
      {
        "type": "Base64 High Entropy String",
        "filename": "web/tests/test_onedrive_pin_resolve.py",
        "hashed_secret": "4caea7b9758c889dab59c34d67ab06390370dd01",
        "is_verified": false,
        "line_number": 39
      }
    ],
    "web/tests/test_opencode_binary_selfheal.py": [
      {
        "type": "Base64 High Entropy String",
        "filename": "web/tests/test_opencode_binary_selfheal.py",
        "hashed_secret": "6921d88f7e35581c7765552c13e7342331dd9cd5",
        "is_verified": false,
        "line_number": 66
      }
    ]
  },
  "generated_at": "2026-09-05T16:07:01Z"
}
