{
  "filters_used": [
    {
      "path": "detect_secrets.filters.allowlist.is_line_allowlisted"
    },
    {
      "min_level": 2,
      "path": "detect_secrets.filters.common.is_ignored_due_to_verification_policies"
    },
    {
      "path": "detect_secrets.filters.heuristic.is_indirect_reference"
    },
    {
      "path": "detect_secrets.filters.heuristic.is_likely_id_string"
    },
    {
      "path": "detect_secrets.filters.heuristic.is_lock_file"
    },
    {
      "path": "detect_secrets.filters.heuristic.is_not_alphanumeric_string"
    },
    {
      "path": "detect_secrets.filters.heuristic.is_potential_uuid"
    },
    {
      "path": "detect_secrets.filters.heuristic.is_prefixed_with_dollar_sign"
    },
    {
      "path": "detect_secrets.filters.heuristic.is_sequential_string"
    },
    {
      "path": "detect_secrets.filters.heuristic.is_swagger_file"
    },
    {
      "path": "detect_secrets.filters.heuristic.is_templated_secret"
    }
  ],
  "generated_at": "2026-08-13T18:58:31Z",
  "plugins_used": [
    {
      "name": "ArtifactoryDetector"
    },
    {
      "name": "AWSKeyDetector"
    },
    {
      "name": "AzureStorageKeyDetector"
    },
    {
      "limit": 4.5,
      "name": "Base64HighEntropyString"
    },
    {
      "name": "BasicAuthDetector"
    },
    {
      "name": "CloudantDetector"
    },
    {
      "name": "DiscordBotTokenDetector"
    },
    {
      "name": "GitHubTokenDetector"
    },
    {
      "name": "GitLabTokenDetector"
    },
    {
      "limit": 3,
      "name": "HexHighEntropyString"
    },
    {
      "name": "IbmCloudIamDetector"
    },
    {
      "name": "IbmCosHmacDetector"
    },
    {
      "name": "IPPublicDetector"
    },
    {
      "name": "JwtTokenDetector"
    },
    {
      "keyword_exclude": "",
      "name": "KeywordDetector"
    },
    {
      "name": "MailchimpDetector"
    },
    {
      "name": "NpmDetector"
    },
    {
      "name": "OpenAIDetector"
    },
    {
      "name": "PrivateKeyDetector"
    },
    {
      "name": "PypiTokenDetector"
    },
    {
      "name": "SendGridDetector"
    },
    {
      "name": "SlackDetector"
    },
    {
      "name": "SoftlayerDetector"
    },
    {
      "name": "SquareOAuthDetector"
    },
    {
      "name": "StripeDetector"
    },
    {
      "name": "TelegramBotTokenDetector"
    },
    {
      "name": "TwilioKeyDetector"
    }
  ],
  "results": {
    "docs/gateway-setup.md": [
      {
        "filename": "docs/gateway-setup.md",
        "hashed_secret": "c7a8c334eef5d1749fface7d42c66f9ae5e8cf36",
        "is_secret": false,
        "is_verified": false,
        "line_number": 13,
        "type": "Secret Keyword"
      },
      {
        "filename": "docs/gateway-setup.md",
        "hashed_secret": "9fa95e57f96687684fe95d8f57247761890b489f",
        "is_secret": false,
        "is_verified": false,
        "line_number": 28,
        "type": "Secret Keyword"
      }
    ],
    "tests/marketplace/test_claude_plugins_official.py": [
      {
        "filename": "tests/marketplace/test_claude_plugins_official.py",
        "hashed_secret": "1b8b3f5b4160f745d661f8e410466f5e01f1d345",
        "is_secret": false,
        "is_verified": false,
        "line_number": 95,
        "type": "Hex High Entropy String"
      },
      {
        "filename": "tests/marketplace/test_claude_plugins_official.py",
        "hashed_secret": "b4c9248600a42f8c38c01b632f392dbcb4c7b19a",
        "is_secret": false,
        "is_verified": false,
        "line_number": 310,
        "type": "Hex High Entropy String"
      }
    ],
    "tests/marketplace/test_installer_plugin_bundle.py": [
      {
        "filename": "tests/marketplace/test_installer_plugin_bundle.py",
        "hashed_secret": "1b8b3f5b4160f745d661f8e410466f5e01f1d345",
        "is_secret": false,
        "is_verified": false,
        "line_number": 35,
        "type": "Hex High Entropy String"
      }
    ],
    "tests/marketplace/test_installer_plugin_mcp.py": [
      {
        "filename": "tests/marketplace/test_installer_plugin_mcp.py",
        "hashed_secret": "1b8b3f5b4160f745d661f8e410466f5e01f1d345",
        "is_secret": false,
        "is_verified": false,
        "line_number": 64,
        "type": "Hex High Entropy String"
      }
    ],
    "tests/marketplace/test_routes.py": [
      {
        "filename": "tests/marketplace/test_routes.py",
        "hashed_secret": "1b8b3f5b4160f745d661f8e410466f5e01f1d345",
        "is_secret": false,
        "is_verified": false,
        "line_number": 109,
        "type": "Hex High Entropy String"
      }
    ],
    "tests/mcp/test_manager.py": [
      {
        "filename": "tests/mcp/test_manager.py",
        "hashed_secret": "f2b14f68eb995facb3a1c35287b778d5bd785511",
        "is_secret": false,
        "is_verified": false,
        "line_number": 783,
        "type": "Secret Keyword"
      },
      {
        "filename": "tests/mcp/test_manager.py",
        "hashed_secret": "e5e9fa1ba31ecd1ae84f75caaa474f3a663f05f4",
        "is_secret": false,
        "is_verified": false,
        "line_number": 878,
        "type": "Secret Keyword"
      },
      {
        "filename": "tests/mcp/test_manager.py",
        "hashed_secret": "518632d8f21df5047e675b4624d6431698ce914b",
        "is_secret": false,
        "is_verified": false,
        "line_number": 908,
        "type": "Secret Keyword"
      },
      {
        "filename": "tests/mcp/test_manager.py",
        "hashed_secret": "6367c48dd193d56ea7b0baad25b19455e529f5ee",
        "is_secret": false,
        "is_verified": false,
        "line_number": 1014,
        "type": "Secret Keyword"
      },
      {
        "filename": "tests/mcp/test_manager.py",
        "hashed_secret": "8f50a22634d3c55d52d58bd99ad402b46f951c5d",
        "is_secret": false,
        "is_verified": false,
        "line_number": 1192,
        "type": "Secret Keyword"
      }
    ],
    "tests/mcp/test_mcp_routes.py": [
      {
        "filename": "tests/mcp/test_mcp_routes.py",
        "hashed_secret": "f2b14f68eb995facb3a1c35287b778d5bd785511",
        "is_secret": false,
        "is_verified": false,
        "line_number": 171,
        "type": "Secret Keyword"
      },
      {
        "filename": "tests/mcp/test_mcp_routes.py",
        "hashed_secret": "a4b48a81cdab1e1a5dd37907d6c85ca1c61ddc7c",
        "is_secret": false,
        "is_verified": false,
        "line_number": 194,
        "type": "Secret Keyword"
      }
    ],
    "tests/onedrive_pin_id_extract.test.js": [
      {
        "filename": "tests/onedrive_pin_id_extract.test.js",
        "hashed_secret": "8086b19cde3e7e67625210c321bc9d66fde6fe4b",
        "is_secret": false,
        "is_verified": false,
        "line_number": 74,
        "type": "Base64 High Entropy String"
      }
    ],
    "tests/test_browser_competitive_fixes.py": [
      {
        "filename": "tests/test_browser_competitive_fixes.py",
        "hashed_secret": "a94a8fe5ccb19ba61c4c0873d391e987982fbbd3",
        "is_secret": false,
        "is_verified": false,
        "line_number": 225,
        "type": "Secret Keyword"
      }
    ],
    "tests/test_config_migration.py": [
      {
        "filename": "tests/test_config_migration.py",
        "hashed_secret": "816cc20437d859538736e1ef46558b7bda486c06",
        "is_secret": false,
        "is_verified": false,
        "line_number": 12,
        "type": "Secret Keyword"
      }
    ],
    "tests/test_github_config.py": [
      {
        "filename": "tests/test_github_config.py",
        "hashed_secret": "e5e9fa1ba31ecd1ae84f75caaa474f3a663f05f4",
        "is_secret": false,
        "is_verified": false,
        "line_number": 19,
        "type": "Basic Auth Credentials"
      }
    ],
    "tests/test_openai_provider.py": [
      {
        "filename": "tests/test_openai_provider.py",
        "hashed_secret": "913a73b565c8e2c8ed94497580f619397709b8b6",
        "is_secret": false,
        "is_verified": false,
        "line_number": 11,
        "type": "Secret Keyword"
      },
      {
        "filename": "tests/test_openai_provider.py",
        "hashed_secret": "1cac0b180e6e6530fdb7969cc941b5f68055decc",
        "is_secret": false,
        "is_verified": false,
        "line_number": 12,
        "type": "Secret Keyword"
      }
    ],
    "tests/test_registry_profiles.py": [
      {
        "filename": "tests/test_registry_profiles.py",
        "hashed_secret": "fd9a45bc0b07706d849cf85021ecf9123fa83d82",
        "is_secret": false,
        "is_verified": false,
        "line_number": 8,
        "type": "Secret Keyword"
      },
      {
        "filename": "tests/test_registry_profiles.py",
        "hashed_secret": "b894b81be94cf8fa8d7536475aaec876addf05c8",
        "is_secret": false,
        "is_verified": false,
        "line_number": 9,
        "type": "Secret Keyword"
      },
      {
        "filename": "tests/test_registry_profiles.py",
        "hashed_secret": "f6673317b62e60508b0851b8747fdabed75a774e",
        "is_secret": false,
        "is_verified": false,
        "line_number": 20,
        "type": "Secret Keyword"
      },
      {
        "filename": "tests/test_registry_profiles.py",
        "hashed_secret": "1cac0b180e6e6530fdb7969cc941b5f68055decc",
        "is_secret": false,
        "is_verified": false,
        "line_number": 21,
        "type": "Secret Keyword"
      }
    ],
    "tools/sync-to-public.bat": [
      {
        "filename": "tools/sync-to-public.bat",
        "hashed_secret": "c2def216dc0777176e6df672b66202fb0b77a421",
        "is_secret": false,
        "is_verified": false,
        "line_number": 87,
        "type": "Secret Keyword"
      }
    ],
    "web/browser_agent.py": [
      {
        "filename": "web/browser_agent.py",
        "hashed_secret": "9d4e1e23bd5b727046a9e3b4b7db57bd8d6ee684",
        "is_secret": false,
        "is_verified": false,
        "line_number": 1002,
        "type": "Basic Auth Credentials"
      }
    ],
    "web/config.py": [
      {
        "filename": "web/config.py",
        "hashed_secret": "1cac0b180e6e6530fdb7969cc941b5f68055decc",
        "is_secret": false,
        "is_verified": false,
        "line_number": 240,
        "type": "Secret Keyword"
      }
    ],
    "web/llm/anthropic_provider.py": [
      {
        "filename": "web/llm/anthropic_provider.py",
        "hashed_secret": "ad5cd87eea2fbd8eea4589dc8c695afd6952b22d",
        "is_secret": false,
        "is_verified": false,
        "line_number": 95,
        "type": "Secret Keyword"
      }
    ],
    "web/skills/_always_on/tools.py": [
      {
        "filename": "web/skills/_always_on/tools.py",
        "hashed_secret": "9d4e1e23bd5b727046a9e3b4b7db57bd8d6ee684",
        "is_secret": false,
        "is_verified": false,
        "line_number": 762,
        "type": "Basic Auth Credentials"
      }
    ],
    "web/static/app.js": [
      {
        "filename": "web/static/app.js",
        "hashed_secret": "c218e39efa2e1aae69f39d2054528369ce1e1f46",
        "is_secret": false,
        "is_verified": false,
        "line_number": 10260,
        "type": "Secret Keyword"
      }
    ],
    "web/static/extension_setup_modal.js": [
      {
        "filename": "web/static/extension_setup_modal.js",
        "hashed_secret": "cf678cab87dc1f7d1b95b964f15375e088461679",
        "is_secret": false,
        "is_verified": false,
        "line_number": 33,
        "type": "Secret Keyword"
      }
    ],
    "web/static/mcp_add_modal.js": [
      {
        "filename": "web/static/mcp_add_modal.js",
        "hashed_secret": "cf678cab87dc1f7d1b95b964f15375e088461679",
        "is_secret": false,
        "is_verified": false,
        "line_number": 817,
        "type": "Secret Keyword"
      }
    ],
    "web/tests/test_onedrive_pin_resolve.py": [
      {
        "filename": "web/tests/test_onedrive_pin_resolve.py",
        "hashed_secret": "4caea7b9758c889dab59c34d67ab06390370dd01",
        "is_secret": false,
        "is_verified": false,
        "line_number": 39,
        "type": "Base64 High Entropy String"
      }
    ],
    "web/tests/test_opencode_binary_selfheal.py": [
      {
        "filename": "web/tests/test_opencode_binary_selfheal.py",
        "hashed_secret": "6921d88f7e35581c7765552c13e7342331dd9cd5",
        "is_secret": false,
        "is_verified": false,
        "line_number": 69,
        "type": "Base64 High Entropy String"
      }
    ],
    "web/tests/test_opencode_force_restart.py": [
      {
        "filename": "web/tests/test_opencode_force_restart.py",
        "hashed_secret": "559b05f1b2863e725b76e216ac3dadecbf92e244",
        "is_secret": false,
        "is_verified": false,
        "line_number": 31,
        "type": "Secret Keyword"
      },
      {
        "filename": "web/tests/test_opencode_force_restart.py",
        "hashed_secret": "6c55803d6f1d7a177a0db3eb4b343b0d50f9c111",
        "is_secret": false,
        "is_verified": false,
        "line_number": 44,
        "type": "Secret Keyword"
      },
      {
        "filename": "web/tests/test_opencode_force_restart.py",
        "hashed_secret": "762cb60352bcb54c9be2676c00bfa7ea4d3be670",
        "is_secret": false,
        "is_verified": false,
        "line_number": 68,
        "type": "Secret Keyword"
      }
    ],
    "web/tests/test_opencode_inmemory_config.py": [
      {
        "filename": "web/tests/test_opencode_inmemory_config.py",
        "hashed_secret": "b894b81be94cf8fa8d7536475aaec876addf05c8",
        "is_secret": false,
        "is_verified": false,
        "line_number": 136,
        "type": "Secret Keyword"
      }
    ],
    "web/tests/test_opencode_instance_adoption.py": [
      {
        "filename": "web/tests/test_opencode_instance_adoption.py",
        "hashed_secret": "3ed9fbbd10ebd33819a3f1ca19555520a58cc16f",
        "is_secret": false,
        "is_verified": false,
        "line_number": 35,
        "type": "Secret Keyword"
      },
      {
        "filename": "web/tests/test_opencode_instance_adoption.py",
        "hashed_secret": "e5e9fa1ba31ecd1ae84f75caaa474f3a663f05f4",
        "is_secret": false,
        "is_verified": false,
        "line_number": 52,
        "type": "Secret Keyword"
      },
      {
        "filename": "web/tests/test_opencode_instance_adoption.py",
        "hashed_secret": "2f2b626eba71c1d3698071219b5f2801389c226a",
        "is_secret": false,
        "is_verified": false,
        "line_number": 111,
        "type": "Secret Keyword"
      }
    ],
    "web/tests/test_opencode_reaper_active_attach.py": [
      {
        "filename": "web/tests/test_opencode_reaper_active_attach.py",
        "hashed_secret": "1a91d62f7ca67399625a4368a6ab5d4a3baa6073",
        "is_secret": false,
        "is_verified": false,
        "line_number": 30,
        "type": "Secret Keyword"
      }
    ],
    "web/tests/test_opencode_reaper_v2.py": [
      {
        "filename": "web/tests/test_opencode_reaper_v2.py",
        "hashed_secret": "1a91d62f7ca67399625a4368a6ab5d4a3baa6073",
        "is_secret": false,
        "is_verified": false,
        "line_number": 32,
        "type": "Secret Keyword"
      }
    ]
  },
  "version": "1.5.0"
}
