{
  "filters_used": [
    {
      "path": "detect_secrets.filters.allowlist.is_line_allowlisted"
    },
    {
      "filename": ".secrets.baseline",
      "path": "detect_secrets.filters.common.is_baseline_file"
    },
    {
      "min_level": 2,
      "path": "detect_secrets.filters.common.is_ignored_due_to_verification_policies"
    },
    {
      "path": "detect_secrets.filters.heuristic.is_indirect_reference"
    },
    {
      "path": "detect_secrets.filters.heuristic.is_likely_id_string"
    },
    {
      "path": "detect_secrets.filters.heuristic.is_lock_file"
    },
    {
      "path": "detect_secrets.filters.heuristic.is_not_alphanumeric_string"
    },
    {
      "path": "detect_secrets.filters.heuristic.is_potential_uuid"
    },
    {
      "path": "detect_secrets.filters.heuristic.is_prefixed_with_dollar_sign"
    },
    {
      "path": "detect_secrets.filters.heuristic.is_sequential_string"
    },
    {
      "path": "detect_secrets.filters.heuristic.is_swagger_file"
    },
    {
      "path": "detect_secrets.filters.heuristic.is_templated_secret"
    },
    {
      "path": "detect_secrets.filters.regex.should_exclude_file",
      "pattern": [
        "node_modules|.venv|uv\\.lock|shell/package-lock\\.json|\\.git|dist|build|\\.secrets\\.baseline\\.tmp"
      ]
    }
  ],
  "generated_at": "2026-08-24T02:32:22Z",
  "plugins_used": [
    {
      "name": "ArtifactoryDetector"
    },
    {
      "name": "AWSKeyDetector"
    },
    {
      "name": "AzureStorageKeyDetector"
    },
    {
      "limit": 4.5,
      "name": "Base64HighEntropyString"
    },
    {
      "name": "BasicAuthDetector"
    },
    {
      "name": "CloudantDetector"
    },
    {
      "name": "DiscordBotTokenDetector"
    },
    {
      "name": "GitHubTokenDetector"
    },
    {
      "name": "GitLabTokenDetector"
    },
    {
      "limit": 3.0,
      "name": "HexHighEntropyString"
    },
    {
      "name": "IbmCloudIamDetector"
    },
    {
      "name": "IbmCosHmacDetector"
    },
    {
      "name": "IPPublicDetector"
    },
    {
      "name": "JwtTokenDetector"
    },
    {
      "keyword_exclude": "",
      "name": "KeywordDetector"
    },
    {
      "name": "MailchimpDetector"
    },
    {
      "name": "NpmDetector"
    },
    {
      "name": "OpenAIDetector"
    },
    {
      "name": "PrivateKeyDetector"
    },
    {
      "name": "PypiTokenDetector"
    },
    {
      "name": "SendGridDetector"
    },
    {
      "name": "SlackDetector"
    },
    {
      "name": "SoftlayerDetector"
    },
    {
      "name": "SquareOAuthDetector"
    },
    {
      "name": "StripeDetector"
    },
    {
      "name": "TelegramBotTokenDetector"
    },
    {
      "name": "TwilioKeyDetector"
    }
  ],
  "results": {
    ".crush/logs/crush.log": [
      {
        "filename": ".crush/logs/crush.log",
        "hashed_secret": "05b746860a30837c67f2787a9debe0433b9cdfcd",
        "is_verified": false,
        "line_number": 562,
        "type": "Base64 High Entropy String"
      },
      {
        "filename": ".crush/logs/crush.log",
        "hashed_secret": "6c01c06944244dfb73df5afe267d2363c2029d30",
        "is_verified": false,
        "line_number": 562,
        "type": "Hex High Entropy String"
      },
      {
        "filename": ".crush/logs/crush.log",
        "hashed_secret": "3fabfb8754707999aa67037425a0960439550cf1",
        "is_verified": false,
        "line_number": 564,
        "type": "Base64 High Entropy String"
      },
      {
        "filename": ".crush/logs/crush.log",
        "hashed_secret": "75d8f785538f58376da9ba2eb185684a26777e5d",
        "is_verified": false,
        "line_number": 564,
        "type": "Base64 High Entropy String"
      },
      {
        "filename": ".crush/logs/crush.log",
        "hashed_secret": "76b8e918e658cc77aa03a0ab7af1bf52841d243d",
        "is_verified": false,
        "line_number": 564,
        "type": "Hex High Entropy String"
      },
      {
        "filename": ".crush/logs/crush.log",
        "hashed_secret": "bdd8d344f745f628fcaf47b8773a4862713139d7",
        "is_verified": false,
        "line_number": 769,
        "type": "Hex High Entropy String"
      },
      {
        "filename": ".crush/logs/crush.log",
        "hashed_secret": "3eb5c6bfc7181a7e294ad85e24cff72bc83a5410",
        "is_verified": false,
        "line_number": 771,
        "type": "Hex High Entropy String"
      },
      {
        "filename": ".crush/logs/crush.log",
        "hashed_secret": "4d4c7b312090ccd29011068790b6309b81f9f2be",
        "is_verified": false,
        "line_number": 771,
        "type": "Base64 High Entropy String"
      },
      {
        "filename": ".crush/logs/crush.log",
        "hashed_secret": "92f33ca2b93793944af00714a41c8c46e318b0d6",
        "is_verified": false,
        "line_number": 975,
        "type": "Base64 High Entropy String"
      },
      {
        "filename": ".crush/logs/crush.log",
        "hashed_secret": "ff151597e0dae0f5f9ba383c421aec6505046a67",
        "is_verified": false,
        "line_number": 975,
        "type": "Hex High Entropy String"
      },
      {
        "filename": ".crush/logs/crush.log",
        "hashed_secret": "d57d95c02fbec9e9074c6d6e3b11c2645dca895b",
        "is_verified": false,
        "line_number": 977,
        "type": "Base64 High Entropy String"
      },
      {
        "filename": ".crush/logs/crush.log",
        "hashed_secret": "ea1c7495229010df06efb712e3a11797b2f92cf2",
        "is_verified": false,
        "line_number": 977,
        "type": "Hex High Entropy String"
      },
      {
        "filename": ".crush/logs/crush.log",
        "hashed_secret": "cba82477b12e1723967b7069d3e3cbe438383c45",
        "is_verified": false,
        "line_number": 1181,
        "type": "Hex High Entropy String"
      },
      {
        "filename": ".crush/logs/crush.log",
        "hashed_secret": "b2395eaddd31e4896c107f79c2916fe099a62336",
        "is_verified": false,
        "line_number": 1183,
        "type": "Hex High Entropy String"
      },
      {
        "filename": ".crush/logs/crush.log",
        "hashed_secret": "4772a5be585fab2d1d250a8715b3e7c2292a906d",
        "is_verified": false,
        "line_number": 1387,
        "type": "Hex High Entropy String"
      },
      {
        "filename": ".crush/logs/crush.log",
        "hashed_secret": "3feb44d9a00637b76cb94c30c61167ab472b2afa",
        "is_verified": false,
        "line_number": 1389,
        "type": "Base64 High Entropy String"
      },
      {
        "filename": ".crush/logs/crush.log",
        "hashed_secret": "495edc857e692db8ca3a5e77b085cf679d17c057",
        "is_verified": false,
        "line_number": 1389,
        "type": "Hex High Entropy String"
      }
    ],
    ".cursor/skills/m365-email/list_mail.py": [
      {
        "filename": ".cursor/skills/m365-email/list_mail.py",
        "hashed_secret": "c161637a1df865ea253832971480e435fbea7da9",
        "is_verified": false,
        "line_number": 70,
        "type": "Hex High Entropy String"
      },
      {
        "filename": ".cursor/skills/m365-email/list_mail.py",
        "hashed_secret": "a9c2c733d50e4ffda8600ee6867d7e878a6a1fef",
        "is_verified": false,
        "line_number": 73,
        "type": "Hex High Entropy String"
      },
      {
        "filename": ".cursor/skills/m365-email/list_mail.py",
        "hashed_secret": "c796d67db69a437377b1bfeb33bd1ae3dd1742ec",
        "is_verified": false,
        "line_number": 146,
        "type": "Hex High Entropy String"
      },
      {
        "filename": ".cursor/skills/m365-email/list_mail.py",
        "hashed_secret": "1c3466be289aacac9832f84be74ba44d33b13e02",
        "is_verified": false,
        "line_number": 147,
        "type": "Hex High Entropy String"
      },
      {
        "filename": ".cursor/skills/m365-email/list_mail.py",
        "hashed_secret": "11ff0503853df95eed95650af565c86d04686b19",
        "is_verified": false,
        "line_number": 148,
        "type": "Hex High Entropy String"
      },
      {
        "filename": ".cursor/skills/m365-email/list_mail.py",
        "hashed_secret": "ab32d5b532a56bac2db0f00718a5be0cc1585183",
        "is_verified": false,
        "line_number": 149,
        "type": "Hex High Entropy String"
      },
      {
        "filename": ".cursor/skills/m365-email/list_mail.py",
        "hashed_secret": "d3742f3dc6e8750f314ab11a36f281605c5fe479",
        "is_verified": false,
        "line_number": 277,
        "type": "Base64 High Entropy String"
      }
    ],
    ".cursor/skills/m365-email/read_mail.py": [
      {
        "filename": ".cursor/skills/m365-email/read_mail.py",
        "hashed_secret": "c161637a1df865ea253832971480e435fbea7da9",
        "is_verified": false,
        "line_number": 70,
        "type": "Hex High Entropy String"
      },
      {
        "filename": ".cursor/skills/m365-email/read_mail.py",
        "hashed_secret": "bab447c5e24a6d4228f39b80ad5a85c72190966b",
        "is_verified": false,
        "line_number": 73,
        "type": "Hex High Entropy String"
      },
      {
        "filename": ".cursor/skills/m365-email/read_mail.py",
        "hashed_secret": "c796d67db69a437377b1bfeb33bd1ae3dd1742ec",
        "is_verified": false,
        "line_number": 146,
        "type": "Hex High Entropy String"
      },
      {
        "filename": ".cursor/skills/m365-email/read_mail.py",
        "hashed_secret": "1c3466be289aacac9832f84be74ba44d33b13e02",
        "is_verified": false,
        "line_number": 147,
        "type": "Hex High Entropy String"
      },
      {
        "filename": ".cursor/skills/m365-email/read_mail.py",
        "hashed_secret": "11ff0503853df95eed95650af565c86d04686b19",
        "is_verified": false,
        "line_number": 148,
        "type": "Hex High Entropy String"
      },
      {
        "filename": ".cursor/skills/m365-email/read_mail.py",
        "hashed_secret": "ab32d5b532a56bac2db0f00718a5be0cc1585183",
        "is_verified": false,
        "line_number": 149,
        "type": "Hex High Entropy String"
      },
      {
        "filename": ".cursor/skills/m365-email/read_mail.py",
        "hashed_secret": "928a42daed2bae99cf2852c42a817630bcc2005a",
        "is_verified": false,
        "line_number": 277,
        "type": "Base64 High Entropy String"
      }
    ],
    ".cursor/skills/m365-email/reply_mail.py": [
      {
        "filename": ".cursor/skills/m365-email/reply_mail.py",
        "hashed_secret": "c161637a1df865ea253832971480e435fbea7da9",
        "is_verified": false,
        "line_number": 70,
        "type": "Hex High Entropy String"
      },
      {
        "filename": ".cursor/skills/m365-email/reply_mail.py",
        "hashed_secret": "1ae0f7cb8c55193468104b0a14d0c802f0e6b559",
        "is_verified": false,
        "line_number": 73,
        "type": "Hex High Entropy String"
      },
      {
        "filename": ".cursor/skills/m365-email/reply_mail.py",
        "hashed_secret": "c796d67db69a437377b1bfeb33bd1ae3dd1742ec",
        "is_verified": false,
        "line_number": 146,
        "type": "Hex High Entropy String"
      },
      {
        "filename": ".cursor/skills/m365-email/reply_mail.py",
        "hashed_secret": "1c3466be289aacac9832f84be74ba44d33b13e02",
        "is_verified": false,
        "line_number": 147,
        "type": "Hex High Entropy String"
      },
      {
        "filename": ".cursor/skills/m365-email/reply_mail.py",
        "hashed_secret": "11ff0503853df95eed95650af565c86d04686b19",
        "is_verified": false,
        "line_number": 148,
        "type": "Hex High Entropy String"
      },
      {
        "filename": ".cursor/skills/m365-email/reply_mail.py",
        "hashed_secret": "ab32d5b532a56bac2db0f00718a5be0cc1585183",
        "is_verified": false,
        "line_number": 149,
        "type": "Hex High Entropy String"
      },
      {
        "filename": ".cursor/skills/m365-email/reply_mail.py",
        "hashed_secret": "aa45c46392b465340d1b86f1d188ee81a651f14e",
        "is_verified": false,
        "line_number": 277,
        "type": "Base64 High Entropy String"
      }
    ],
    ".cursor/skills/m365-email/search_mail.py": [
      {
        "filename": ".cursor/skills/m365-email/search_mail.py",
        "hashed_secret": "c161637a1df865ea253832971480e435fbea7da9",
        "is_verified": false,
        "line_number": 70,
        "type": "Hex High Entropy String"
      },
      {
        "filename": ".cursor/skills/m365-email/search_mail.py",
        "hashed_secret": "610241cee082df5fd44fed36b85e853715e80c2b",
        "is_verified": false,
        "line_number": 73,
        "type": "Hex High Entropy String"
      },
      {
        "filename": ".cursor/skills/m365-email/search_mail.py",
        "hashed_secret": "c796d67db69a437377b1bfeb33bd1ae3dd1742ec",
        "is_verified": false,
        "line_number": 146,
        "type": "Hex High Entropy String"
      },
      {
        "filename": ".cursor/skills/m365-email/search_mail.py",
        "hashed_secret": "1c3466be289aacac9832f84be74ba44d33b13e02",
        "is_verified": false,
        "line_number": 147,
        "type": "Hex High Entropy String"
      },
      {
        "filename": ".cursor/skills/m365-email/search_mail.py",
        "hashed_secret": "11ff0503853df95eed95650af565c86d04686b19",
        "is_verified": false,
        "line_number": 148,
        "type": "Hex High Entropy String"
      },
      {
        "filename": ".cursor/skills/m365-email/search_mail.py",
        "hashed_secret": "ab32d5b532a56bac2db0f00718a5be0cc1585183",
        "is_verified": false,
        "line_number": 149,
        "type": "Hex High Entropy String"
      },
      {
        "filename": ".cursor/skills/m365-email/search_mail.py",
        "hashed_secret": "c8e163c8f3a7b26a20713281c6918e5b8f871e2b",
        "is_verified": false,
        "line_number": 277,
        "type": "Base64 High Entropy String"
      }
    ],
    ".cursor/skills/m365-email/send_mail.py": [
      {
        "filename": ".cursor/skills/m365-email/send_mail.py",
        "hashed_secret": "c161637a1df865ea253832971480e435fbea7da9",
        "is_verified": false,
        "line_number": 70,
        "type": "Hex High Entropy String"
      },
      {
        "filename": ".cursor/skills/m365-email/send_mail.py",
        "hashed_secret": "201ea146665558d3e1663411540faec4cfb2740c",
        "is_verified": false,
        "line_number": 73,
        "type": "Hex High Entropy String"
      },
      {
        "filename": ".cursor/skills/m365-email/send_mail.py",
        "hashed_secret": "c796d67db69a437377b1bfeb33bd1ae3dd1742ec",
        "is_verified": false,
        "line_number": 146,
        "type": "Hex High Entropy String"
      },
      {
        "filename": ".cursor/skills/m365-email/send_mail.py",
        "hashed_secret": "1c3466be289aacac9832f84be74ba44d33b13e02",
        "is_verified": false,
        "line_number": 147,
        "type": "Hex High Entropy String"
      },
      {
        "filename": ".cursor/skills/m365-email/send_mail.py",
        "hashed_secret": "11ff0503853df95eed95650af565c86d04686b19",
        "is_verified": false,
        "line_number": 148,
        "type": "Hex High Entropy String"
      },
      {
        "filename": ".cursor/skills/m365-email/send_mail.py",
        "hashed_secret": "ab32d5b532a56bac2db0f00718a5be0cc1585183",
        "is_verified": false,
        "line_number": 149,
        "type": "Hex High Entropy String"
      },
      {
        "filename": ".cursor/skills/m365-email/send_mail.py",
        "hashed_secret": "031dabb8f53d3d3ed9aba41c8524d9c30e17da0d",
        "is_verified": false,
        "line_number": 277,
        "type": "Base64 High Entropy String"
      }
    ],
    ".pytest_cache/CACHEDIR.TAG": [
      {
        "filename": ".pytest_cache/CACHEDIR.TAG",
        "hashed_secret": "e8f8c345877b2411a59897798e422b15b0c16d76",
        "is_verified": false,
        "line_number": 1,
        "type": "Hex High Entropy String"
      }
    ],
    ".ruff_cache/CACHEDIR.TAG": [
      {
        "filename": ".ruff_cache/CACHEDIR.TAG",
        "hashed_secret": "e8f8c345877b2411a59897798e422b15b0c16d76",
        "is_verified": false,
        "line_number": 1,
        "type": "Hex High Entropy String"
      }
    ],
    "README.md": [
      {
        "filename": "README.md",
        "hashed_secret": "5525fe7314cca2c18bc9edd90f4442e8f5b8527d",
        "is_verified": false,
        "line_number": 165,
        "type": "Secret Keyword"
      }
    ],
    "docs/gateway-setup.md": [
      {
        "filename": "docs/gateway-setup.md",
        "hashed_secret": "c7a8c334eef5d1749fface7d42c66f9ae5e8cf36",
        "is_verified": false,
        "line_number": 13,
        "type": "Secret Keyword"
      },
      {
        "filename": "docs/gateway-setup.md",
        "hashed_secret": "9fa95e57f96687684fe95d8f57247761890b489f",
        "is_verified": false,
        "line_number": 28,
        "type": "Secret Keyword"
      }
    ],
    "docs/google-workspace-integration.md": [
      {
        "filename": "docs/google-workspace-integration.md",
        "hashed_secret": "230bbd17332dc7fb30744f7f2f433276fa26bc89",
        "is_verified": false,
        "line_number": 70,
        "type": "Secret Keyword"
      }
    ],
    "logs/server-20260528-093207.log": [
      {
        "filename": "logs/server-20260528-093207.log",
        "hashed_secret": "9d1d5311d7466a8e298aad8a5fe821c16b0a1dca",
        "is_verified": false,
        "line_number": 157,
        "type": "Hex High Entropy String"
      },
      {
        "filename": "logs/server-20260528-093207.log",
        "hashed_secret": "cc40fb4a4bba975bef0760f79fc09080621a550c",
        "is_verified": false,
        "line_number": 180,
        "type": "Hex High Entropy String"
      }
    ],
    "logs/server-20260812-170320.log": [
      {
        "filename": "logs/server-20260812-170320.log",
        "hashed_secret": "935bfb6cf90a8349645f386b555985fd6fad3d0b",
        "is_verified": false,
        "line_number": 3465,
        "type": "Base64 High Entropy String"
      }
    ],
    "shell/pin-debug.log": [
      {
        "filename": "shell/pin-debug.log",
        "hashed_secret": "fb57a540c50001c89cf182d8c5f1e2909a0a2faf",
        "is_verified": false,
        "line_number": 2,
        "type": "Base64 High Entropy String"
      },
      {
        "filename": "shell/pin-debug.log",
        "hashed_secret": "7f105606c3a23c1b9246ff7696bb3ad3d606e536",
        "is_verified": false,
        "line_number": 14,
        "type": "Base64 High Entropy String"
      },
      {
        "filename": "shell/pin-debug.log",
        "hashed_secret": "12a2fd05f1116e4be6d00b23b6fe46ae5f26c0e9",
        "is_verified": false,
        "line_number": 27,
        "type": "Base64 High Entropy String"
      },
      {
        "filename": "shell/pin-debug.log",
        "hashed_secret": "01658ae2c66792beae14138bbc4dd7b40e9669ef",
        "is_verified": false,
        "line_number": 74,
        "type": "Base64 High Entropy String"
      }
    ],
    "tests/marketplace/test_claude_plugins_official.py": [
      {
        "filename": "tests/marketplace/test_claude_plugins_official.py",
        "hashed_secret": "1b8b3f5b4160f745d661f8e410466f5e01f1d345",
        "is_verified": false,
        "line_number": 92,
        "type": "Hex High Entropy String"
      },
      {
        "filename": "tests/marketplace/test_claude_plugins_official.py",
        "hashed_secret": "b4c9248600a42f8c38c01b632f392dbcb4c7b19a",
        "is_verified": false,
        "line_number": 266,
        "type": "Hex High Entropy String"
      }
    ],
    "tests/marketplace/test_installer_plugin_bundle.py": [
      {
        "filename": "tests/marketplace/test_installer_plugin_bundle.py",
        "hashed_secret": "1b8b3f5b4160f745d661f8e410466f5e01f1d345",
        "is_verified": false,
        "line_number": 30,
        "type": "Hex High Entropy String"
      }
    ],
    "tests/marketplace/test_installer_plugin_mcp.py": [
      {
        "filename": "tests/marketplace/test_installer_plugin_mcp.py",
        "hashed_secret": "1b8b3f5b4160f745d661f8e410466f5e01f1d345",
        "is_verified": false,
        "line_number": 58,
        "type": "Hex High Entropy String"
      }
    ],
    "tests/marketplace/test_routes.py": [
      {
        "filename": "tests/marketplace/test_routes.py",
        "hashed_secret": "1b8b3f5b4160f745d661f8e410466f5e01f1d345",
        "is_verified": false,
        "line_number": 76,
        "type": "Hex High Entropy String"
      }
    ],
    "tests/mcp/test_manager.py": [
      {
        "filename": "tests/mcp/test_manager.py",
        "hashed_secret": "f2b14f68eb995facb3a1c35287b778d5bd785511",
        "is_verified": false,
        "line_number": 620,
        "type": "Secret Keyword"
      },
      {
        "filename": "tests/mcp/test_manager.py",
        "hashed_secret": "518632d8f21df5047e675b4624d6431698ce914b",
        "is_verified": false,
        "line_number": 711,
        "type": "Secret Keyword"
      },
      {
        "filename": "tests/mcp/test_manager.py",
        "hashed_secret": "6367c48dd193d56ea7b0baad25b19455e529f5ee",
        "is_verified": false,
        "line_number": 786,
        "type": "Secret Keyword"
      },
      {
        "filename": "tests/mcp/test_manager.py",
        "hashed_secret": "8f50a22634d3c55d52d58bd99ad402b46f951c5d",
        "is_verified": false,
        "line_number": 926,
        "type": "Secret Keyword"
      }
    ],
    "tests/mcp/test_mcp_routes.py": [
      {
        "filename": "tests/mcp/test_mcp_routes.py",
        "hashed_secret": "f2b14f68eb995facb3a1c35287b778d5bd785511",
        "is_verified": false,
        "line_number": 119,
        "type": "Secret Keyword"
      },
      {
        "filename": "tests/mcp/test_mcp_routes.py",
        "hashed_secret": "a4b48a81cdab1e1a5dd37907d6c85ca1c61ddc7c",
        "is_verified": false,
        "line_number": 136,
        "type": "Secret Keyword"
      }
    ],
    "tests/onedrive_pin_id_extract.test.js": [
      {
        "filename": "tests/onedrive_pin_id_extract.test.js",
        "hashed_secret": "8086b19cde3e7e67625210c321bc9d66fde6fe4b",
        "is_verified": false,
        "line_number": 82,
        "type": "Base64 High Entropy String"
      }
    ],
    "tests/test_config_migration.py": [
      {
        "filename": "tests/test_config_migration.py",
        "hashed_secret": "816cc20437d859538736e1ef46558b7bda486c06",
        "is_verified": false,
        "line_number": 11,
        "type": "Secret Keyword"
      }
    ],
    "tests/test_google_preset.py": [
      {
        "filename": "tests/test_google_preset.py",
        "hashed_secret": "117712f4b89614c35d1d13b313b182e1b2d68919",
        "is_verified": false,
        "line_number": 66,
        "type": "Secret Keyword"
      }
    ],
    "tests/test_openai_provider.py": [
      {
        "filename": "tests/test_openai_provider.py",
        "hashed_secret": "913a73b565c8e2c8ed94497580f619397709b8b6",
        "is_verified": false,
        "line_number": 9,
        "type": "Secret Keyword"
      }
    ],
    "tests/test_registry_profiles.py": [
      {
        "filename": "tests/test_registry_profiles.py",
        "hashed_secret": "fd9a45bc0b07706d849cf85021ecf9123fa83d82",
        "is_verified": false,
        "line_number": 5,
        "type": "Secret Keyword"
      },
      {
        "filename": "tests/test_registry_profiles.py",
        "hashed_secret": "b894b81be94cf8fa8d7536475aaec876addf05c8",
        "is_verified": false,
        "line_number": 6,
        "type": "Secret Keyword"
      },
      {
        "filename": "tests/test_registry_profiles.py",
        "hashed_secret": "f6673317b62e60508b0851b8747fdabed75a774e",
        "is_verified": false,
        "line_number": 12,
        "type": "Secret Keyword"
      },
      {
        "filename": "tests/test_registry_profiles.py",
        "hashed_secret": "1cac0b180e6e6530fdb7969cc941b5f68055decc",
        "is_verified": false,
        "line_number": 13,
        "type": "Secret Keyword"
      }
    ],
    "tools/sync-to-public.bat": [
      {
        "filename": "tools/sync-to-public.bat",
        "hashed_secret": "c2def216dc0777176e6df672b66202fb0b77a421",
        "is_verified": false,
        "line_number": 87,
        "type": "Secret Keyword"
      }
    ],
    "web/browser_agent.py": [
      {
        "filename": "web/browser_agent.py",
        "hashed_secret": "9d4e1e23bd5b727046a9e3b4b7db57bd8d6ee684",
        "is_verified": false,
        "line_number": 841,
        "type": "Basic Auth Credentials"
      }
    ],
    "web/config.py": [
      {
        "filename": "web/config.py",
        "hashed_secret": "1cac0b180e6e6530fdb7969cc941b5f68055decc",
        "is_verified": false,
        "line_number": 278,
        "type": "Secret Keyword"
      }
    ],
    "web/llm/anthropic_provider.py": [
      {
        "filename": "web/llm/anthropic_provider.py",
        "hashed_secret": "ad5cd87eea2fbd8eea4589dc8c695afd6952b22d",
        "is_verified": false,
        "line_number": 106,
        "type": "Secret Keyword"
      }
    ],
    "web/routes/mcp_routes.py": [
      {
        "filename": "web/routes/mcp_routes.py",
        "hashed_secret": "117712f4b89614c35d1d13b313b182e1b2d68919",
        "is_verified": false,
        "line_number": 321,
        "type": "Secret Keyword"
      }
    ],
    "web/skills/_always_on/tools.py": [
      {
        "filename": "web/skills/_always_on/tools.py",
        "hashed_secret": "9d4e1e23bd5b727046a9e3b4b7db57bd8d6ee684",
        "is_verified": false,
        "line_number": 620,
        "type": "Basic Auth Credentials"
      }
    ],
    "web/tests/test_llm_profile_url_guard.py": [
      {
        "filename": "web/tests/test_llm_profile_url_guard.py",
        "hashed_secret": "e9a5f12a8ecbb3eb46eca5096b5c52aa5e7c9fdd",
        "is_verified": false,
        "line_number": 26,
        "type": "Secret Keyword"
      }
    ],
    "web/tests/test_onedrive_pin_resolve.py": [
      {
        "filename": "web/tests/test_onedrive_pin_resolve.py",
        "hashed_secret": "4caea7b9758c889dab59c34d67ab06390370dd01",
        "is_verified": false,
        "line_number": 36,
        "type": "Base64 High Entropy String"
      }
    ],
    "web/tests/test_opencode_binary_selfheal.py": [
      {
        "filename": "web/tests/test_opencode_binary_selfheal.py",
        "hashed_secret": "6921d88f7e35581c7765552c13e7342331dd9cd5",
        "is_verified": false,
        "line_number": 66,
        "type": "Base64 High Entropy String"
      }
    ]
  },
  "version": "1.5.0"
}
